// Jest Snapshot v1, https://goo.gl/fbAQLP

exports[`Browser component render snapshot 1`] = `
<div
  class="browserTitle"
>
  <div
    class="nav"
  >
    <div>
      <button
        class="MuiButtonBase-root-28 MuiButton-root-2 MuiButton-text-4 MuiButton-flat-7"
        style="float:left"
        tabindex="0"
        type="button"
      >
        <span
          class="MuiButton-label-3"
        >
          <svg
            aria-hidden="true"
            class="MuiSvgIcon-root-31 MuiSvgIcon-fontSizeLarge-39"
            focusable="false"
            role="presentation"
            style="color:white"
            viewBox="0 0 24 24"
          >
            <path
              d="M0 0h24v24H0z"
              fill="none"
            />
            <path
              d="M3 18h18v-2H3v2zm0-5h18v-2H3v2zm0-7v2h18V6H3z"
            />
          </svg>
        </span>
      </button>
    </div>
    <div
      class="flexRow"
      style="margin-left:auto"
    >
      <span
        style="font-size:22px;margin-right:10px"
      >
        <a
          href="/dashboard/profile"
          style="color:white"
        />
      </span>
      <button
        class="MuiButtonBase-root-28 MuiButton-root-2 MuiButton-text-4 MuiButton-flat-7"
        style="color:white;font-size:17px"
        tabindex="0"
        type="button"
      >
        <span
          class="MuiButton-label-3"
        >
          Logout
        </span>
      </button>
    </div>
  </div>
  <div
    class="flexCenter"
  >
    <h1
      data-aos="fade-down"
      data-aos-duration="400"
      data-aos-easing="linear"
      style="color:black;margin-top:100px;font-size:60px;height:15vh"
    >
      Select a Class
    </h1>
    <div
      style="height:65vh"
    >
      <label
        class="MuiFormLabel-root-65 MuiInputLabel-root-54 MuiInputLabel-animated-62"
      >
        Select School
        <div
          class="MuiInputBase-root-92 MuiInput-root-79 MuiInput-underline-83"
          style="width:300px"
        >
          <div
            class="MuiSelect-root-72"
          >
            <div
              aria-haspopup="true"
              aria-pressed="false"
              class="MuiSelect-select-73 MuiSelect-selectMenu-76 MuiInputBase-input-102 MuiInput-input-87"
              role="button"
              tabindex="0"
            >
              <span>
                â€‹
              </span>
            </div>
            <input
              id="SelectSchool"
              name="school"
              type="hidden"
              value=""
            />
            <svg
              aria-hidden="true"
              class="MuiSvgIcon-root-31 MuiSelect-icon-78"
              focusable="false"
              role="presentation"
              viewBox="0 0 24 24"
            >
              <path
                d="M7 10l5 5 5-5z"
              />
            </svg>
          </div>
        </div>
      </label>
      <br />
      <div
        class="flexCenter"
      />
      <br />
    </div>
  </div>
</div>
`;
