// Jest Snapshot v1, https://goo.gl/fbAQLP

exports[`SignUp component render snapshot 1`] = `
<div
  class="Home"
  data-aos=""
>
  <div
    class="MuiPaper-root-2 MuiPaper-elevation8-12 MuiPaper-rounded-3 MuiCard-root-1 signUp"
    data-aos="fade-down"
    data-aos-duration="500"
    data-aos-easing="linear"
  >
    <h2
      class="MuiTypography-root-29 MuiTypography-display2-32 MuiTypography-gutterBottom-56"
      style="color:black"
    >
      Sign Up
    </h2>
    <form>
      <div
        class="MuiFormControl-root-64"
      >
        <div
          class="MuiInputBase-root-81 MuiInput-root-68 MuiInput-underline-72 MuiInputBase-formControl-82 MuiInput-formControl-69"
        >
          <input
            aria-invalid="false"
            class="MuiInputBase-input-91 MuiInput-input-76"
            placeholder="Full Name"
            type="text"
          />
        </div>
      </div>
      <br />
      <div
        class="MuiFormControl-root-64"
        style="margin-top:15px"
      >
        <div
          class="MuiInputBase-root-81 MuiInput-root-68 MuiInput-underline-72 MuiInputBase-formControl-82 MuiInput-formControl-69"
        >
          <input
            aria-invalid="false"
            class="MuiInputBase-input-91 MuiInput-input-76 MuiInputBase-inputType-94 MuiInput-inputType-79"
            placeholder="Email Address"
            type="email"
          />
        </div>
      </div>
      <br />
      <div
        class="MuiFormControl-root-64"
        style="margin-top:15px"
      >
        <div
          class="MuiInputBase-root-81 MuiInput-root-68 MuiInput-underline-72 MuiInputBase-formControl-82 MuiInput-formControl-69"
        >
          <input
            aria-invalid="false"
            class="MuiInputBase-input-91 MuiInput-input-76 MuiInputBase-inputType-94 MuiInput-inputType-79"
            placeholder="Password"
            type="password"
          />
        </div>
      </div>
      <br />
      <div
        class="MuiFormControl-root-64"
        style="margin-top:15px"
      >
        <div
          class="MuiInputBase-root-81 MuiInput-root-68 MuiInput-underline-72 MuiInputBase-formControl-82 MuiInput-formControl-69"
        >
          <input
            aria-invalid="false"
            class="MuiInputBase-input-91 MuiInput-input-76 MuiInputBase-inputType-94 MuiInput-inputType-79"
            placeholder="Confirm Password"
            type="password"
          />
        </div>
      </div>
      <br />
      <button
        class="MuiButtonBase-root-124 MuiButton-root-98 MuiButton-outlined-106"
        style="margin-top:15px"
        tabindex="0"
        type="submit"
      >
        <span
          class="MuiButton-label-99"
        >
          Sign Me Up
        </span>
      </button>
    </form>
    <a
      href="/"
      style="margin-top:15px"
      variant="outlined"
    >
      Have an account? Log In Here
    </a>
  </div>
</div>
`;
